[2026-02-06 22:40:25] root: INFO: Starting Flye 2.9.6-b1802
[2026-02-06 22:40:25] root: DEBUG: Cmd: /opt/conda/bin/flye --nano-hq 01_reads/fastq/SRR32410565.fastq.gz --read-error 0.03 --threads 10 --out-dir 03_assembly/flye
[2026-02-06 22:40:25] root: DEBUG: Python version: 3.10.17 | packaged by conda-forge | (main, Apr 10 2025, 22:19:12) [GCC 13.3.0]
[2026-02-06 22:40:25] root: ERROR: Can't open /work/01_reads/fastq/SRR32410565.fastq.gz
[2026-02-06 22:40:25] root: ERROR: Pipeline aborted
[2026-02-07 04:07:59] root: INFO: Starting Flye 2.9.6-b1802
[2026-02-07 04:07:59] root: DEBUG: Cmd: /opt/conda/bin/flye --nano-hq 01_reads/SRR32410565.fastq.gz --read-error 0.03 --threads 8 --out-dir 03_assembly/flye
[2026-02-07 04:07:59] root: DEBUG: Python version: 3.10.17 | packaged by conda-forge | (main, Apr 10 2025, 22:19:12) [GCC 13.3.0]
[2026-02-07 04:07:59] root: INFO: >>>STAGE: configure
[2026-02-07 04:07:59] root: INFO: Configuring run
[2026-02-07 04:08:07] root: INFO: Total read length: 809296219
[2026-02-07 04:08:07] root: INFO: Reads N50/N90: 4683 / 2687
[2026-02-07 04:08:07] root: INFO: Minimum overlap set to 3000
[2026-02-07 04:08:07] root: INFO: >>>STAGE: assembly
[2026-02-07 04:08:07] root: INFO: Assembling disjointigs
[2026-02-07 04:08:07] root: DEBUG: -----Begin assembly log------
[2026-02-07 04:08:07] root: DEBUG: Running: flye-modules assemble --reads /work/01_reads/SRR32410565.fastq.gz --out-asm /work/03_assembly/flye/00-assembly/draft_assembly.fasta --config /opt/conda/lib/python3.10/site-packages/flye/config/bin_cfg/asm_nano_hq.cfg --log /work/03_assembly/flye/flye.log --threads 8 --min-ovlp 3000 --extra-params assemble_ovlp_divergence=0.03,repeat_graph_ovlp_divergence=0.03
[2026-02-07 04:08:07] DEBUG: Build date: May  4 2025 23:20:28
[2026-02-07 04:08:07] DEBUG: Total RAM: 7 Gb
[2026-02-07 04:08:07] DEBUG: Available RAM: 6 Gb
[2026-02-07 04:08:07] DEBUG: Total CPUs: 12
[2026-02-07 04:08:07] DEBUG: Loading /opt/conda/lib/python3.10/site-packages/flye/config/bin_cfg/asm_nano_hq.cfg
[2026-02-07 04:08:07] DEBUG: Loading /opt/conda/lib/python3.10/site-packages/flye/config/bin_cfg/asm_defaults.cfg
[2026-02-07 04:08:07] DEBUG: 	big_genome_threshold=29000000
[2026-02-07 04:08:07] DEBUG: 	meta_read_filter_kmer_freq=100
[2026-02-07 04:08:07] DEBUG: 	chain_large_gap_penalty=2
[2026-02-07 04:08:07] DEBUG: 	chain_small_gap_penalty=0.5
[2026-02-07 04:08:07] DEBUG: 	chain_gap_jump_threshold=100
[2026-02-07 04:08:07] DEBUG: 	max_jump_gap=500
[2026-02-07 04:08:07] DEBUG: 	max_coverage_drop_rate=5
[2026-02-07 04:08:07] DEBUG: 	max_extensions_drop_rate=5
[2026-02-07 04:08:07] DEBUG: 	chimera_window=100
[2026-02-07 04:08:07] DEBUG: 	chimera_overhang=1000
[2026-02-07 04:08:07] DEBUG: 	min_reads_in_disjointig=4
[2026-02-07 04:08:07] DEBUG: 	max_inner_reads=10
[2026-02-07 04:08:07] DEBUG: 	max_inner_fraction=0.25
[2026-02-07 04:08:07] DEBUG: 	aggressive_dup_filter=1
[2026-02-07 04:08:07] DEBUG: 	max_separation=500
[2026-02-07 04:08:07] DEBUG: 	unique_edge_length=50000
[2026-02-07 04:08:07] DEBUG: 	min_repeat_res_support=0.51
[2026-02-07 04:08:07] DEBUG: 	out_paths_ratio=5
[2026-02-07 04:08:07] DEBUG: 	graph_cov_drop_rate=5
[2026-02-07 04:08:07] DEBUG: 	coverage_estimate_window=100
[2026-02-07 04:08:07] DEBUG: 	max_bubble_length=50000
[2026-02-07 04:08:07] DEBUG: 	loop_coverage_rate=1.5
[2026-02-07 04:08:07] DEBUG: 	repeat_edge_cov_mult=1.75
[2026-02-07 04:08:07] DEBUG: 	weak_detach_rate=5
[2026-02-07 04:08:07] DEBUG: 	tip_coverage_rate=2
[2026-02-07 04:08:07] DEBUG: 	tip_length_rate=2
[2026-02-07 04:08:07] DEBUG: 	output_gfa_before_rr=1
[2026-02-07 04:08:07] DEBUG: 	remove_alt_edges=0
[2026-02-07 04:08:07] DEBUG: 	low_cutoff_warning=0
[2026-02-07 04:08:07] DEBUG: 	kmer_size=17
[2026-02-07 04:08:07] DEBUG: 	use_minimizers=1
[2026-02-07 04:08:07] DEBUG: 	minimizer_window=10
[2026-02-07 04:08:07] DEBUG: 	reads_base_alignment=1
[2026-02-07 04:08:07] DEBUG: 	meta_read_top_kmer_rate=0.75
[2026-02-07 04:08:07] DEBUG: 	maximum_jump=1500
[2026-02-07 04:08:07] DEBUG: 	maximum_overhang=1500
[2026-02-07 04:08:07] DEBUG: 	repeat_kmer_rate=100
[2026-02-07 04:08:07] DEBUG: 	assemble_ovlp_divergence=0.03
[2026-02-07 04:08:07] DEBUG: 	assemble_divergence_relative=1
[2026-02-07 04:08:07] DEBUG: 	repeat_graph_ovlp_divergence=0.03
[2026-02-07 04:08:07] DEBUG: 	read_align_ovlp_divergence=0.10
[2026-02-07 04:08:07] DEBUG: 	hpc_scoring_on=1
[2026-02-07 04:08:07] DEBUG: 	add_unassembled_reads=0
[2026-02-07 04:08:07] DEBUG: 	extend_contigs_with_repeats=0
[2026-02-07 04:08:07] DEBUG: 	min_read_cov_cutoff=3
[2026-02-07 04:08:07] DEBUG: 	short_tip_length=20000
[2026-02-07 04:08:07] DEBUG: 	long_tip_length=100000
[2026-02-07 04:08:07] DEBUG: Extrta parameters:
[2026-02-07 04:08:07] DEBUG: 	assemble_ovlp_divergence=0.03
[2026-02-07 04:08:07] DEBUG: 	repeat_graph_ovlp_divergence=0.03
[2026-02-07 04:08:07] DEBUG: Running with k-mer size: 17
[2026-02-07 04:08:07] DEBUG: Running with minimum overlap 3000
[2026-02-07 04:08:07] DEBUG: Metagenome mode: N
[2026-02-07 04:08:07] DEBUG: Short mode: N
[2026-02-07 04:08:07] INFO: Reading sequences
[2026-02-07 04:08:16] DEBUG: Building positional index
[2026-02-07 04:08:16] DEBUG: Total sequence: 689064639 bp
[2026-02-07 04:08:16] INFO: Building minimizer index
[2026-02-07 04:08:16] INFO: Pre-calculating index storage
[2026-02-07 04:08:24] DEBUG: Mean k-mer frequency: 8.26675
[2026-02-07 04:08:24] DEBUG: Repetitive k-mer frequency: 826
[2026-02-07 04:08:24] DEBUG: Filtered 1068026 repetitive k-mers (0.00854219)
[2026-02-07 04:08:24] INFO: Filling index
[2026-02-07 04:08:37] DEBUG: Sorting k-mer index
[2026-02-07 04:08:37] DEBUG: Selected k-mers: 15123433
[2026-02-07 04:08:37] DEBUG: K-mer index size: 123961563
[2026-02-07 04:08:37] DEBUG: Mean k-mer frequency: 8.19666
[2026-02-07 04:08:37] DEBUG: Minimizer rate: 5.5587
[2026-02-07 04:08:37] DEBUG: Peak RAM usage: 1 Gb
[2026-02-07 04:08:37] DEBUG: Estimating k-mer identity bias
[2026-02-07 04:08:47] DEBUG: Initial divergence estimate : 0.0160546
[2026-02-07 04:08:47] DEBUG: Relative threshold: Y
[2026-02-07 04:08:47] DEBUG: Max divergence threshold set to 0.0460546
[2026-02-07 04:08:47] INFO: Extending reads
[2026-02-07 04:08:47] DEBUG: Estimating overlap coverage
[2026-02-07 04:09:17] INFO: Overlap-based coverage: 116
[2026-02-07 04:09:17] INFO: Median overlap divergence: 0.0161671
[2026-02-07 04:09:17] DEBUG: Sequence divergence distribution: 

    |  *      |                                                                                          
    |  *      |                                                                                          
    |  *      |                                                                                          
    |  *      |                                                                                          
    |  *      |                                                                                          
    |  **     |                                                                                          
    |  **     |                                                                                          
    |  **     |                                                                                          
    |  **     |                                                                                          
    | ***     |                                                                                          
    | ***     |                                                                                          
    | ***     |                                                                                          
    | ***     |                                                                                          
    | ****    |                                                                                          
    | ****    |                                                                                          
    | ****    |                                                                                          
    | *****   |                                                                                          
    | ******* |                                                                                          
    | ********|                                                                                          
    |**************************** **  *  * * *  **      *                                                
    ----------------------------------------------------------------------------------------------------
    0%        5%        10%       15%       20%       25%       30%       35%       40%       45%       

    Q25 = 0.011, Q50 = 0.016, Q75 = 0.026

[2026-02-07 04:10:07] DEBUG: Assembled disjointig 1
	With 1419 reads
	Start read: +SRR32410565.131481
	At position: 1414
	leftTip: 0 rightTip: 0
	Suspicious: 4
	Short ext: 1
	Mean extensions: 53
	Avg overlap len: 5732
	Min overlap len: 1740
	Inner reads: 0
	Length: 3039507
[2026-02-07 04:10:07] DEBUG: Inner: 146184 covered: 145062 total: 284482
[2026-02-07 04:10:07] DEBUG: Discarded disjointig with 1417 reads and 1415 inner overlaps
[2026-02-07 04:10:07] DEBUG: Discarded disjointig with 1415 reads and 1413 inner overlaps
[2026-02-07 04:10:14] DEBUG: Discarded disjointig with 446 reads and 297 inner overlaps
[2026-02-07 04:10:14] DEBUG: Discarded disjointig with 858 reads and 709 inner overlaps
[2026-02-07 04:10:14] DEBUG: Discarded disjointig with 1361 reads and 1212 inner overlaps
[2026-02-07 04:10:23] DEBUG: Assembled disjointig 2
	With 796 reads
	Start read: +SRR32410565.182675
	At position: 538
	leftTip: 0 rightTip: 0
	Suspicious: 6
	Short ext: 2
	Mean extensions: 62
	Avg overlap len: 5853
	Min overlap len: 1527
	Inner reads: 0
	Length: 1677957
[2026-02-07 04:10:24] DEBUG: Inner: 235010 covered: 233492 total: 284482
[2026-02-07 04:10:24] DEBUG: Discarded disjointig with 794 reads and 792 inner overlaps
[2026-02-07 04:10:24] DEBUG: Discarded disjointig with 2309 reads and 2160 inner overlaps
[2026-02-07 04:10:24] DEBUG: Discarded disjointig with 2304 reads and 2155 inner overlaps
[2026-02-07 04:10:24] DEBUG: Discarded disjointig with 148 reads and 146 inner overlaps
[2026-02-07 04:10:24] DEBUG: Discarded disjointig with 232 reads and 230 inner overlaps
[2026-02-07 04:10:24] DEBUG: Discarded disjointig with 505 reads and 503 inner overlaps
[2026-02-07 04:10:24] DEBUG: Discarded disjointig with 162 reads and 160 inner overlaps
[2026-02-07 04:10:27] DEBUG: Assembled disjointig 3
	With 146 reads
	Start read: +SRR32410565.126842
	At position: 79
	leftTip: 0 rightTip: 0
	Suspicious: 0
	Short ext: 0
	Mean extensions: 71
	Avg overlap len: 5831
	Min overlap len: 4179
	Inner reads: 0
	Length: 302155
[2026-02-07 04:10:27] DEBUG: Inner: 252468 covered: 250994 total: 284482
[2026-02-07 04:10:27] DEBUG: Discarded disjointig with 69 reads and 67 inner overlaps
[2026-02-07 04:10:27] DEBUG: Discarded disjointig with 145 reads and 143 inner overlaps
[2026-02-07 04:10:28] DEBUG: Discarded disjointig with 149 reads and 147 inner overlaps
[2026-02-07 04:10:28] DEBUG: Discarded disjointig with 48 reads and 46 inner overlaps
[2026-02-07 04:10:28] DEBUG: Discarded disjointig with 60 reads and 58 inner overlaps
[2026-02-07 04:10:33] DEBUG: Assembled disjointig 4
	With 61 reads
	Start read: +SRR32410565.98444
	At position: 57
	leftTip: 0 rightTip: 0
	Suspicious: 1
	Short ext: 1
	Mean extensions: 90
	Avg overlap len: 5967
	Min overlap len: 2435
	Inner reads: 0
	Length: 128879
[2026-02-07 04:10:33] DEBUG: Inner: 260988 covered: 259544 total: 284482
[2026-02-07 04:10:33] DEBUG: Discarded disjointig with 62 reads and 60 inner overlaps
[2026-02-07 04:10:33] DEBUG: Discarded disjointig with 62 reads and 59 inner overlaps
[2026-02-07 04:10:33] DEBUG: Discarded disjointig with 60 reads and 57 inner overlaps
[2026-02-07 04:10:33] DEBUG: Discarded disjointig with 56 reads and 54 inner overlaps
[2026-02-07 04:10:33] DEBUG: Discarded disjointig with 56 reads and 54 inner overlaps
[2026-02-07 04:10:33] DEBUG: Discarded disjointig with 55 reads and 53 inner overlaps
[2026-02-07 04:10:33] DEBUG: Discarded disjointig with 55 reads and 53 inner overlaps
[2026-02-07 04:12:22] INFO: Assembled 4 disjointigs
[2026-02-07 04:12:22] INFO: Generating sequence
[2026-02-07 04:12:22] DEBUG: Building positional index
[2026-02-07 04:12:22] DEBUG: Total sequence: 5148293 bp
[2026-02-07 04:12:23] DEBUG: Mean k-mer frequency: 1.02646
[2026-02-07 04:12:23] DEBUG: Repetitive k-mer frequency: 102
[2026-02-07 04:12:23] DEBUG: Filtered 0 repetitive k-mers (0)
[2026-02-07 04:12:23] DEBUG: Sorting k-mer index
[2026-02-07 04:12:23] DEBUG: Selected k-mers: 912998
[2026-02-07 04:12:23] DEBUG: K-mer index size: 937154
[2026-02-07 04:12:23] DEBUG: Mean k-mer frequency: 1.02646
[2026-02-07 04:12:23] DEBUG: Minimizer rate: 5.49354
[2026-02-07 04:12:23] INFO: Filtering contained disjointigs
[2026-02-07 04:12:24] DEBUG: Computing transitive closure for overlaps
[2026-02-07 04:12:24] DEBUG: Found 12 overlaps
[2026-02-07 04:12:24] DEBUG: Left 12 overlaps after filtering
[2026-02-07 04:12:24] INFO: Contained seqs: 0
[2026-02-07 04:12:24] DEBUG: Writing FASTA
[2026-02-07 04:12:24] DEBUG: Peak RAM usage: 1 Gb
-----------End assembly log------------
[2026-02-07 04:12:24] root: DEBUG: Disjointigs length: 5148293, N50: 3039491
[2026-02-07 04:12:24] root: INFO: >>>STAGE: consensus
[2026-02-07 04:12:24] root: INFO: Running Minimap2
[2026-02-07 04:13:30] root: INFO: Computing consensus
[2026-02-07 04:15:44] root: INFO: Alignment error rate: 0.025904
[2026-02-07 04:15:44] root: INFO: >>>STAGE: repeat
[2026-02-07 04:15:44] root: INFO: Building and resolving repeat graph
[2026-02-07 04:15:44] root: DEBUG: -----Begin repeat analyser log------
[2026-02-07 04:15:44] root: DEBUG: Running: flye-modules repeat --disjointigs /work/03_assembly/flye/10-consensus/consensus.fasta --reads /work/01_reads/SRR32410565.fastq.gz --out-dir /work/03_assembly/flye/20-repeat --config /opt/conda/lib/python3.10/site-packages/flye/config/bin_cfg/asm_nano_hq.cfg --log /work/03_assembly/flye/flye.log --threads 8 --min-ovlp 3000 --extra-params assemble_ovlp_divergence=0.03,repeat_graph_ovlp_divergence=0.03
[2026-02-07 04:15:44] DEBUG: Build date: May  4 2025 23:20:44
[2026-02-07 04:15:44] DEBUG: Total RAM: 7 Gb
[2026-02-07 04:15:44] DEBUG: Available RAM: 6 Gb
[2026-02-07 04:15:44] DEBUG: Total CPUs: 12
[2026-02-07 04:15:44] DEBUG: Loading /opt/conda/lib/python3.10/site-packages/flye/config/bin_cfg/asm_nano_hq.cfg
[2026-02-07 04:15:44] DEBUG: Loading /opt/conda/lib/python3.10/site-packages/flye/config/bin_cfg/asm_defaults.cfg
[2026-02-07 04:15:44] DEBUG: 	big_genome_threshold=29000000
[2026-02-07 04:15:44] DEBUG: 	meta_read_filter_kmer_freq=100
[2026-02-07 04:15:44] DEBUG: 	chain_large_gap_penalty=2
[2026-02-07 04:15:44] DEBUG: 	chain_small_gap_penalty=0.5
[2026-02-07 04:15:44] DEBUG: 	chain_gap_jump_threshold=100
[2026-02-07 04:15:44] DEBUG: 	max_jump_gap=500
[2026-02-07 04:15:44] DEBUG: 	max_coverage_drop_rate=5
[2026-02-07 04:15:44] DEBUG: 	max_extensions_drop_rate=5
[2026-02-07 04:15:44] DEBUG: 	chimera_window=100
[2026-02-07 04:15:44] DEBUG: 	chimera_overhang=1000
[2026-02-07 04:15:44] DEBUG: 	min_reads_in_disjointig=4
[2026-02-07 04:15:44] DEBUG: 	max_inner_reads=10
[2026-02-07 04:15:44] DEBUG: 	max_inner_fraction=0.25
[2026-02-07 04:15:44] DEBUG: 	aggressive_dup_filter=1
[2026-02-07 04:15:44] DEBUG: 	max_separation=500
[2026-02-07 04:15:44] DEBUG: 	unique_edge_length=50000
[2026-02-07 04:15:44] DEBUG: 	min_repeat_res_support=0.51
[2026-02-07 04:15:44] DEBUG: 	out_paths_ratio=5
[2026-02-07 04:15:44] DEBUG: 	graph_cov_drop_rate=5
[2026-02-07 04:15:44] DEBUG: 	coverage_estimate_window=100
[2026-02-07 04:15:44] DEBUG: 	max_bubble_length=50000
[2026-02-07 04:15:44] DEBUG: 	loop_coverage_rate=1.5
[2026-02-07 04:15:44] DEBUG: 	repeat_edge_cov_mult=1.75
[2026-02-07 04:15:44] DEBUG: 	weak_detach_rate=5
[2026-02-07 04:15:44] DEBUG: 	tip_coverage_rate=2
[2026-02-07 04:15:44] DEBUG: 	tip_length_rate=2
[2026-02-07 04:15:44] DEBUG: 	output_gfa_before_rr=1
[2026-02-07 04:15:44] DEBUG: 	remove_alt_edges=0
[2026-02-07 04:15:44] DEBUG: 	low_cutoff_warning=0
[2026-02-07 04:15:44] DEBUG: 	kmer_size=17
[2026-02-07 04:15:44] DEBUG: 	use_minimizers=1
[2026-02-07 04:15:44] DEBUG: 	minimizer_window=10
[2026-02-07 04:15:44] DEBUG: 	reads_base_alignment=1
[2026-02-07 04:15:44] DEBUG: 	meta_read_top_kmer_rate=0.75
[2026-02-07 04:15:44] DEBUG: 	maximum_jump=1500
[2026-02-07 04:15:44] DEBUG: 	maximum_overhang=1500
[2026-02-07 04:15:44] DEBUG: 	repeat_kmer_rate=100
[2026-02-07 04:15:44] DEBUG: 	assemble_ovlp_divergence=0.03
[2026-02-07 04:15:44] DEBUG: 	assemble_divergence_relative=1
[2026-02-07 04:15:44] DEBUG: 	repeat_graph_ovlp_divergence=0.03
[2026-02-07 04:15:44] DEBUG: 	read_align_ovlp_divergence=0.10
[2026-02-07 04:15:44] DEBUG: 	hpc_scoring_on=1
[2026-02-07 04:15:44] DEBUG: 	add_unassembled_reads=0
[2026-02-07 04:15:44] DEBUG: 	extend_contigs_with_repeats=0
[2026-02-07 04:15:44] DEBUG: 	min_read_cov_cutoff=3
[2026-02-07 04:15:44] DEBUG: 	short_tip_length=20000
[2026-02-07 04:15:44] DEBUG: 	long_tip_length=100000
[2026-02-07 04:15:44] DEBUG: Extrta parameters:
[2026-02-07 04:15:44] DEBUG: 	assemble_ovlp_divergence=0.03
[2026-02-07 04:15:44] DEBUG: 	repeat_graph_ovlp_divergence=0.03
[2026-02-07 04:15:44] DEBUG: Running with k-mer size: 17
[2026-02-07 04:15:44] DEBUG: Selected minimum overlap 3000
[2026-02-07 04:15:44] DEBUG: Metagenome mode: N
[2026-02-07 04:15:44] INFO: Parsing disjointigs
[2026-02-07 04:15:44] DEBUG: Building positional index
[2026-02-07 04:15:44] DEBUG: Total sequence: 5152965 bp
[2026-02-07 04:15:44] INFO: Building repeat graph
[2026-02-07 04:15:45] DEBUG: Mean k-mer frequency: 1.03008
[2026-02-07 04:15:45] DEBUG: Repetitive k-mer frequency: 103
[2026-02-07 04:15:45] DEBUG: Filtered 0 repetitive k-mers (0)
[2026-02-07 04:15:45] DEBUG: Sorting k-mer index
[2026-02-07 04:15:45] DEBUG: Selected k-mers: 910455
[2026-02-07 04:15:45] DEBUG: K-mer index size: 937841
[2026-02-07 04:15:45] DEBUG: Mean k-mer frequency: 1.03008
[2026-02-07 04:15:45] DEBUG: Minimizer rate: 5.4945
[2026-02-07 04:15:46] DEBUG: Computing transitive closure for overlaps
[2026-02-07 04:15:46] DEBUG: Found 178 overlaps
[2026-02-07 04:15:46] DEBUG: Left 76 overlaps after filtering
[2026-02-07 04:15:46] INFO: Median overlap divergence: 0.0594805
[2026-02-07 04:15:46] DEBUG: Sequence divergence distribution: 

    |      |    *                                                                                        
    |      |    *                                                                                        
    |      |    *                                                                                        
    |      |    *                                                                                        
    |**    |    *   *                                                                                    
    |**    |    *   *                                                                                    
    |**    |    *   *                                                                                    
    |**    |    *   *                                                                                    
    |**    |    *   *                                                                                    
    |**    |    *   *                                                                                    
    |**    |    *   *                                                                                    
    |**    |    *   *                                                                                    
    |** *  |    *   *   *                  *         *                                                   
    |** *  |    *   *   *                  *         *                                                   
    |** *  |    *   *   *                  *         *                                                   
    |** *  |    *   *   *                  *         *                                                   
    |** ** |   ** * *   *            *     *         * *                                                 
    |** ** |   ** * *   *            *     *         * *                                                 
    |** ** |   ** * *   *            *     *         * *                                                 
    |** ** |   ** * *   *            *     *         * *                                                 
    ----------------------------------------------------------------------------------------------------
    0%        5%        10%       15%       20%       25%       30%       35%       40%       45%       

    Q25 = 0.0095, Q50 = 0.059, Q75 = 0.097

[2026-02-07 04:15:46] DEBUG: Computing gluepoints
[2026-02-07 04:15:46] DEBUG: Added 0 gluepoint projections
[2026-02-07 04:15:46] DEBUG: Created 106 gluepoints
[2026-02-07 04:15:46] DEBUG: Artificial loops removed: 0 left, 0 right, 0 both
[2026-02-07 04:15:46] DEBUG: Initializing edges
[2026-02-07 04:15:46] DEBUG: Edges length checksum: 11060125096
[2026-02-07 04:15:46] DEBUG: Filtered 0 singleton segments
[2026-02-07 04:15:46] DEBUG: Removed 0 simple and 0 double chimeric junctions
[2026-02-07 04:15:46] DEBUG: Collapsed 5 edges
[2026-02-07 04:15:46] DEBUG: *	30	+disjointig_1	22297	754784	732487	
[2026-02-07 04:15:46] DEBUG:  	4	+disjointig_1	754784	757953	3169	
[2026-02-07 04:15:46] DEBUG: *	6	+disjointig_1	757953	1540202	782249	
[2026-02-07 04:15:46] DEBUG:  	8	+disjointig_1	1540202	1543481	3279	
[2026-02-07 04:15:46] DEBUG:  	14	+disjointig_1	1543481	1545534	2053	
[2026-02-07 04:15:46] DEBUG: *	16	+disjointig_1	1545534	1767844	222310	
[2026-02-07 04:15:46] DEBUG:  	17	+disjointig_1	1767844	1770980	3136	
[2026-02-07 04:15:46] DEBUG: *	18	+disjointig_1	1770980	2331977	560997	
[2026-02-07 04:15:46] DEBUG:  	19	+disjointig_1	2331977	2336925	4948	
[2026-02-07 04:15:46] DEBUG: *	-31	+disjointig_1	2336925	2413712	76787	
[2026-02-07 04:15:46] DEBUG:  	8	+disjointig_1	2413712	2416892	3180	
[2026-02-07 04:15:46] DEBUG:  	15	+disjointig_1	2416892	2418962	2070	
[2026-02-07 04:15:46] DEBUG: *	32	+disjointig_1	2418962	2499935	80973	
[2026-02-07 04:15:46] DEBUG:  	33	+disjointig_1	2499935	2506204	6269	
[2026-02-07 04:15:46] DEBUG: *	-21	+disjointig_1	2506204	2777018	270814	
[2026-02-07 04:15:46] DEBUG:  	-19	+disjointig_1	2777018	2781970	4952	
[2026-02-07 04:15:46] DEBUG: *	29	+disjointig_1	2781970	3042314	260344	
[2026-02-07 04:15:46] DEBUG: *	-5	+disjointig_2	3385	423126	419741	
[2026-02-07 04:15:46] DEBUG:  	4	+disjointig_2	423126	426273	3147	
[2026-02-07 04:15:46] DEBUG: *	7	+disjointig_2	426273	1179003	752730	
[2026-02-07 04:15:46] DEBUG:  	-17	+disjointig_2	1179003	1182141	3138	
[2026-02-07 04:15:46] DEBUG: *	-11	+disjointig_2	1182141	1227263	45122	
[2026-02-07 04:15:46] DEBUG:  	8	+disjointig_2	1227263	1230443	3180	
[2026-02-07 04:15:46] DEBUG:  	15	+disjointig_2	1230443	1232340	1897	
[2026-02-07 04:15:46] DEBUG: *	23	+disjointig_2	1232340	1672524	440184	
[2026-02-07 04:15:46] DEBUG:  	-33	+disjointig_2	1672524	1679229	6705	
[2026-02-07 04:15:46] DEBUG:  	-15	+disjointig_3	1308	3201	1893	
[2026-02-07 04:15:46] DEBUG:  	-8	+disjointig_3	3201	6385	3184	
[2026-02-07 04:15:46] DEBUG: *	9	+disjointig_3	6385	97033	90648	
[2026-02-07 04:15:46] DEBUG:  	-14	+disjointig_3	97033	99290	2257	
[2026-02-07 04:15:46] DEBUG:  	-8	+disjointig_3	99290	102387	3097	
[2026-02-07 04:15:46] DEBUG: *	10	+disjointig_3	102387	252117	149730	
[2026-02-07 04:15:46] DEBUG:  	-14	+disjointig_3	252117	254172	2055	
[2026-02-07 04:15:46] DEBUG:  	-8	+disjointig_3	254172	257350	3178	
[2026-02-07 04:15:46] DEBUG: *	13	+disjointig_3	257350	295493	38143	
[2026-02-07 04:15:46] DEBUG:  	-15	+disjointig_3	295493	297589	2096	
[2026-02-07 04:15:46] DEBUG:  	-8	+disjointig_3	297589	300773	3184	
[2026-02-07 04:15:46] DEBUG: *	34	+disjointig_4	19950	129005	109055	
[2026-02-07 04:15:46] DEBUG: Total edges: 34
[2026-02-07 04:15:46] INFO: Parsing reads
[2026-02-07 04:15:52] DEBUG: Building positional index
[2026-02-07 04:15:52] DEBUG: Total sequence: 809296219 bp
[2026-02-07 04:15:52] DEBUG: Building positional index
[2026-02-07 04:15:52] DEBUG: Total sequence: 5104381 bp
[2026-02-07 04:15:52] INFO: Aligning reads to the graph
[2026-02-07 04:15:52] DEBUG: Mean k-mer frequency: 1.02087
[2026-02-07 04:15:52] DEBUG: Repetitive k-mer frequency: 102
[2026-02-07 04:15:52] DEBUG: Filtered 0 repetitive k-mers (0)
[2026-02-07 04:15:53] DEBUG: Sorting k-mer index
[2026-02-07 04:15:53] DEBUG: Selected k-mers: 909938
[2026-02-07 04:15:53] DEBUG: K-mer index size: 928925
[2026-02-07 04:15:53] DEBUG: Mean k-mer frequency: 1.02087
[2026-02-07 04:15:53] DEBUG: Minimizer rate: 5.49493
[2026-02-07 04:16:45] DEBUG: Total reads : 142241
[2026-02-07 04:16:45] DEBUG: Read with aligned parts : 136022
[2026-02-07 04:16:45] DEBUG: Aligned in one piece : 135848
[2026-02-07 04:16:45] INFO: Aligned read sequence: 656809206 / 689064639 (0.95319)
[2026-02-07 04:16:45] INFO: Median overlap divergence: 0.00745207
[2026-02-07 04:16:45] DEBUG: Sequence divergence distribution: 

    | *                  |                                                                               
    | *                  |                                                                               
    | *                  |                                                                               
    | *                  |                                                                               
    | *                  |                                                                               
    | *                  |                                                                               
    | *                  |                                                                               
    |**                  |                                                                               
    |**                  |                                                                               
    |**                  |                                                                               
    |**                  |                                                                               
    |**                  |                                                                               
    |**                  |                                                                               
    |***                 |                                                                               
    |***                 |                                                                               
    |***                 |                                                                               
    |***                 |                                                                               
    |****                |                                                                               
    |*****               |                                                                               
    |***************************************************** *   **                                        
    ----------------------------------------------------------------------------------------------------
    0%        5%        10%       15%       20%       25%       30%       35%       40%       45%       

    Q25 = 0.005, Q50 = 0.0075, Q75 = 0.013

[2026-02-07 04:16:45] INFO: Mean edge coverage: 127
[2026-02-07 04:16:45] DEBUG: 4	len:3158	cov:257	mult:2.02362
[2026-02-07 04:16:45] DEBUG: -4	len:3158	cov:257	mult:2.02362
[2026-02-07 04:16:45] DEBUG: 5	len:419741	cov:112	mult:0.88189
[2026-02-07 04:16:45] DEBUG: -5	len:419741	cov:112	mult:0.88189
[2026-02-07 04:16:45] DEBUG: 6	len:782249	cov:111	mult:0.874016
[2026-02-07 04:16:45] DEBUG: -6	len:782249	cov:111	mult:0.874016
[2026-02-07 04:16:45] DEBUG: 7	len:752730	cov:135	mult:1.06299
[2026-02-07 04:16:45] DEBUG: -7	len:752730	cov:135	mult:1.06299
[2026-02-07 04:16:45] DEBUG: 8	len:3183	cov:939	mult:7.3937
[2026-02-07 04:16:45] DEBUG: -8	len:3183	cov:939	mult:7.3937
[2026-02-07 04:16:45] DEBUG: 9	len:90648	cov:156	mult:1.22835
[2026-02-07 04:16:45] DEBUG: -9	len:90648	cov:156	mult:1.22835
[2026-02-07 04:16:45] DEBUG: 10	len:149730	cov:151	mult:1.18898
[2026-02-07 04:16:45] DEBUG: -10	len:149730	cov:151	mult:1.18898
[2026-02-07 04:16:45] DEBUG: 11	len:45122	cov:136	mult:1.07087
[2026-02-07 04:16:45] DEBUG: -11	len:45122	cov:136	mult:1.07087
[2026-02-07 04:16:45] DEBUG: 13	len:38143	cov:151	mult:1.18898
[2026-02-07 04:16:45] DEBUG: -13	len:38143	cov:151	mult:1.18898
[2026-02-07 04:16:45] DEBUG: 14	len:2121	cov:442	mult:3.48031
[2026-02-07 04:16:45] DEBUG: -14	len:2121	cov:442	mult:3.48031
[2026-02-07 04:16:45] DEBUG: 15	len:1989	cov:507	mult:3.99213
[2026-02-07 04:16:45] DEBUG: -15	len:1989	cov:507	mult:3.99213
[2026-02-07 04:16:45] DEBUG: 16	len:222310	cov:130	mult:1.02362
[2026-02-07 04:16:45] DEBUG: -16	len:222310	cov:130	mult:1.02362
[2026-02-07 04:16:45] DEBUG: 17	len:3137	cov:235	mult:1.85039
[2026-02-07 04:16:45] DEBUG: -17	len:3137	cov:235	mult:1.85039
[2026-02-07 04:16:45] DEBUG: 18	len:560997	cov:147	mult:1.15748
[2026-02-07 04:16:45] DEBUG: -18	len:560997	cov:147	mult:1.15748
[2026-02-07 04:16:45] DEBUG: 19	len:4950	cov:207	mult:1.62992
[2026-02-07 04:16:45] DEBUG: -19	len:4950	cov:207	mult:1.62992
[2026-02-07 04:16:45] DEBUG: 21	len:270814	cov:109	mult:0.858268
[2026-02-07 04:16:45] DEBUG: -21	len:270814	cov:109	mult:0.858268
[2026-02-07 04:16:45] DEBUG: 23	len:440184	cov:151	mult:1.18898
[2026-02-07 04:16:45] DEBUG: -23	len:440184	cov:151	mult:1.18898
[2026-02-07 04:16:45] DEBUG: 29	len:260344	cov:106	mult:0.834646
[2026-02-07 04:16:45] DEBUG: -29	len:260344	cov:106	mult:0.834646
[2026-02-07 04:16:45] DEBUG: 30	len:732487	cov:102	mult:0.80315
[2026-02-07 04:16:45] DEBUG: -30	len:732487	cov:102	mult:0.80315
[2026-02-07 04:16:45] DEBUG: 31	len:76787	cov:147	mult:1.15748
[2026-02-07 04:16:45] DEBUG: -31	len:76787	cov:147	mult:1.15748
[2026-02-07 04:16:45] DEBUG: 32	len:80973	cov:167	mult:1.31496
[2026-02-07 04:16:45] DEBUG: -32	len:80973	cov:167	mult:1.31496
[2026-02-07 04:16:45] DEBUG: 33	len:6487	cov:73	mult:0.574803
[2026-02-07 04:16:45] DEBUG: -33	len:6487	cov:73	mult:0.574803
[2026-02-07 04:16:45] DEBUG: 34	len:109055	cov:187	mult:1.47244
[2026-02-07 04:16:45] DEBUG: -34	len:109055	cov:187	mult:1.47244
[2026-02-07 04:16:45] DEBUG: Unique coverage threshold 264
[2026-02-07 04:16:45] INFO: Simplifying the graph
[2026-02-07 04:16:45] DEBUG: Read coverage cutoff: 25
[2026-02-07 04:16:45] DEBUG: [SIMPL] Removed 0 paths with low coverage
[2026-02-07 04:16:45] DEBUG: [SIMPL] Masked 0 heterozygous loops
[2026-02-07 04:16:45] DEBUG: [SIMPL] Masked 0 simple bubbles
[2026-02-07 04:16:45] DEBUG: Finding repeats
[2026-02-07 04:16:45] DEBUG: Read coverage cutoff: 25
[2026-02-07 04:16:45] DEBUG: High-cov: 8	3183	939
[2026-02-07 04:16:45] DEBUG: High-cov: 14	2121	442
[2026-02-07 04:16:45] DEBUG: High-cov: 15	1989	507
[2026-02-07 04:16:45] DEBUG: Repeat detection iteration 1
[2026-02-07 04:16:45] DEBUG: Starting 17 aln:317
[2026-02-07 04:16:45] DEBUG: 	      18	num:92	flank:3715	span:7
[2026-02-07 04:16:45] DEBUG: 	      -7	num:94	flank:3811	span:22
[2026-02-07 04:16:45] DEBUG: Starting -17 aln:317
[2026-02-07 04:16:45] DEBUG: 	      -16	num:108	flank:3392	span:12
[2026-02-07 04:16:45] DEBUG: 	      -11	num:73	flank:3714	span:11
[2026-02-07 04:16:45] DEBUG: Mult: 17	3137	235	 (1,1)
[2026-02-07 04:16:45] DEBUG: Starting 4 aln:359
[2026-02-07 04:16:45] DEBUG: 	      7	num:97	flank:3266	span:9
[2026-02-07 04:16:45] DEBUG: 	      6	num:116	flank:3349	span:13
[2026-02-07 04:16:45] DEBUG: Starting -4 aln:359
[2026-02-07 04:16:45] DEBUG: 	      -30	num:106	flank:3066	span:9
[2026-02-07 04:16:45] DEBUG: 	      5	num:91	flank:3657	span:1
[2026-02-07 04:16:45] DEBUG: Mult: 4	3158	257	 (1,1)
[2026-02-07 04:16:45] DEBUG: Starting 19 aln:385
[2026-02-07 04:16:45] DEBUG: 	      -31	num:123	flank:3527	span:18
[2026-02-07 04:16:45] DEBUG: 	      21	num:94	flank:3733	span:11
[2026-02-07 04:16:45] DEBUG: Starting -19 aln:385
[2026-02-07 04:16:45] DEBUG: 	      -18	num:88	flank:2936	span:3
[2026-02-07 04:16:45] DEBUG: 	      29	num:84	flank:3701	span:2
[2026-02-07 04:16:45] DEBUG: Mult: 19	4950	207	 (1,1)
[2026-02-07 04:16:45] DEBUG: Starting 33 aln:167
[2026-02-07 04:16:45] DEBUG: 	      -23	num:81	flank:3498	span:17
[2026-02-07 04:16:45] DEBUG: 	      -21	num:39	flank:2728	span:18
[2026-02-07 04:16:45] DEBUG: Starting -33 aln:167
[2026-02-07 04:16:45] DEBUG: 	      -5	num:18	flank:3001	span:9
[2026-02-07 04:16:45] DEBUG: 	      -32	num:29	flank:2634	span:13
[2026-02-07 04:16:45] DEBUG: Mult: 33	6487	73	 (1,1)
[2026-02-07 04:16:45] DEBUG: Writing Dot
[2026-02-07 04:16:45] DEBUG: Writing FASTA
[2026-02-07 04:16:45] DEBUG: Writing Gfa
[2026-02-07 04:16:45] DEBUG: [SIMPL] == Iteration 1 ==
[2026-02-07 04:16:45] DEBUG: Splitting nodes
[2026-02-07 04:16:45] DEBUG: [SIMPL] Split 0 nodes
[2026-02-07 04:16:45] DEBUG: [SIMPL] Clipped 0 short and 0 long tips
[2026-02-07 04:16:45] DEBUG: [SIMPL] Masked 0 heterozygous loops
[2026-02-07 04:16:45] DEBUG: [SIMPL] Masked 0 simple bubbles
[2026-02-07 04:16:45] DEBUG: Finding repeats
[2026-02-07 04:16:45] DEBUG: Read coverage cutoff: 25
[2026-02-07 04:16:45] DEBUG: High-cov: 8	3183	939
[2026-02-07 04:16:45] DEBUG: High-cov: 14	2121	442
[2026-02-07 04:16:45] DEBUG: High-cov: 15	1989	507
[2026-02-07 04:16:45] DEBUG: Repeat detection iteration 1
[2026-02-07 04:16:45] DEBUG: Starting 17 aln:317
[2026-02-07 04:16:45] DEBUG: 	      18	num:92	flank:3715	span:7
[2026-02-07 04:16:45] DEBUG: 	      -7	num:94	flank:3811	span:22
[2026-02-07 04:16:45] DEBUG: Starting -17 aln:317
[2026-02-07 04:16:45] DEBUG: 	      -16	num:108	flank:3392	span:12
[2026-02-07 04:16:45] DEBUG: 	      -11	num:73	flank:3714	span:11
[2026-02-07 04:16:45] DEBUG: Mult: 17	3137	235	 (1,1)
[2026-02-07 04:16:45] DEBUG: Starting 4 aln:359
[2026-02-07 04:16:45] DEBUG: 	      7	num:97	flank:3266	span:9
[2026-02-07 04:16:45] DEBUG: 	      6	num:116	flank:3349	span:13
[2026-02-07 04:16:45] DEBUG: Starting -4 aln:359
[2026-02-07 04:16:45] DEBUG: 	      -30	num:106	flank:3066	span:9
[2026-02-07 04:16:45] DEBUG: 	      5	num:91	flank:3657	span:1
[2026-02-07 04:16:45] DEBUG: Mult: 4	3158	257	 (1,1)
[2026-02-07 04:16:45] DEBUG: Starting 19 aln:385
[2026-02-07 04:16:45] DEBUG: 	      -31	num:123	flank:3527	span:18
[2026-02-07 04:16:45] DEBUG: 	      21	num:94	flank:3733	span:11
[2026-02-07 04:16:45] DEBUG: Starting -19 aln:385
[2026-02-07 04:16:45] DEBUG: 	      -18	num:88	flank:2936	span:3
[2026-02-07 04:16:45] DEBUG: 	      29	num:84	flank:3701	span:2
[2026-02-07 04:16:45] DEBUG: Mult: 19	4950	207	 (1,1)
[2026-02-07 04:16:45] DEBUG: Starting 33 aln:167
[2026-02-07 04:16:45] DEBUG: 	      -23	num:81	flank:3498	span:17
[2026-02-07 04:16:45] DEBUG: 	      -21	num:39	flank:2728	span:18
[2026-02-07 04:16:45] DEBUG: Starting -33 aln:167
[2026-02-07 04:16:45] DEBUG: 	      -5	num:18	flank:3001	span:9
[2026-02-07 04:16:45] DEBUG: 	      -32	num:29	flank:2634	span:13
[2026-02-07 04:16:45] DEBUG: Mult: 33	6487	73	 (1,1)
[2026-02-07 04:16:45] DEBUG: Total unique edges: 16
[2026-02-07 04:16:45] DEBUG: 	Connection -9	32	3	1
[2026-02-07 04:16:45] DEBUG: 	Connection -23	11	7	1
[2026-02-07 04:16:45] DEBUG: 	Connection -13	-10	4	1
[2026-02-07 04:16:45] DEBUG: 	Connection -29	21	2	1
[2026-02-07 04:16:45] DEBUG: 	Connection 31	-18	2	1
[2026-02-07 04:16:45] DEBUG: 	Connection 11	-7	25	1
[2026-02-07 04:16:45] DEBUG: 	Connection -7	5	24	1
[2026-02-07 04:16:45] DEBUG: 	Connection 13	31	2	1
[2026-02-07 04:16:45] DEBUG: 	Connection 16	18	25	1
[2026-02-07 04:16:45] DEBUG: 	Connection 9	10	6	1
[2026-02-07 04:16:45] DEBUG: 	Connection 30	6	27	1
[2026-02-07 04:16:45] DEBUG: [SIMPL] Resolved repeats: 11
[2026-02-07 04:16:45] DEBUG: RR links: 254
[2026-02-07 04:16:45] DEBUG: Unresolved: 0
[2026-02-07 04:16:45] DEBUG: Removed 0 simple and 0 double chimeric junctions
[2026-02-07 04:16:45] DEBUG: [SIMPL] == Iteration 2 ==
[2026-02-07 04:16:45] DEBUG: Splitting nodes
[2026-02-07 04:16:45] DEBUG: [SIMPL] Split 0 nodes
[2026-02-07 04:16:45] DEBUG: [SIMPL] Clipped 0 short and 0 long tips
[2026-02-07 04:16:45] DEBUG: [SIMPL] Masked 0 heterozygous loops
[2026-02-07 04:16:45] DEBUG: [SIMPL] Masked 0 simple bubbles
[2026-02-07 04:16:45] DEBUG: Finding repeats
[2026-02-07 04:16:45] DEBUG: Read coverage cutoff: 25
[2026-02-07 04:16:45] DEBUG: Repeat detection iteration 1
[2026-02-07 04:16:45] DEBUG: Starting 33 aln:167
[2026-02-07 04:16:45] DEBUG: 	      -23	num:81	flank:3498	span:17
[2026-02-07 04:16:45] DEBUG: 	      -21	num:39	flank:2728	span:18
[2026-02-07 04:16:45] DEBUG: Starting -33 aln:167
[2026-02-07 04:16:45] DEBUG: 	      -5	num:18	flank:3001	span:9
[2026-02-07 04:16:45] DEBUG: 	      -32	num:29	flank:2634	span:13
[2026-02-07 04:16:45] DEBUG: Mult: 33	6487	73	 (1,1)
[2026-02-07 04:16:45] DEBUG: Total unique edges: 29
[2026-02-07 04:16:45] DEBUG: [SIMPL] Resolved repeats: 0
[2026-02-07 04:16:45] DEBUG: RR links: 0
[2026-02-07 04:16:45] DEBUG: Unresolved: 0
[2026-02-07 04:16:45] DEBUG: Removed 0 simple and 0 double chimeric junctions
[2026-02-07 04:16:45] DEBUG: [SIMPL] Collapsed 0 haplotypes
[2026-02-07 04:16:45] DEBUG: [SIMPL] Resolved 0 simple repeats
[2026-02-07 04:16:45] DEBUG: Read coverage cutoff: 25
[2026-02-07 04:16:45] DEBUG: [SIMPL] Removed 0 paths with low coverage
[2026-02-07 04:16:45] DEBUG: Finding repeats
[2026-02-07 04:16:45] DEBUG: Read coverage cutoff: 25
[2026-02-07 04:16:45] DEBUG: Repeat detection iteration 1
[2026-02-07 04:16:45] DEBUG: Starting 33 aln:167
[2026-02-07 04:16:45] DEBUG: 	      -23	num:81	flank:3498	span:17
[2026-02-07 04:16:45] DEBUG: 	      -21	num:39	flank:2728	span:18
[2026-02-07 04:16:45] DEBUG: Starting -33 aln:167
[2026-02-07 04:16:45] DEBUG: 	      -5	num:18	flank:3001	span:9
[2026-02-07 04:16:45] DEBUG: 	      -32	num:29	flank:2634	span:13
[2026-02-07 04:16:45] DEBUG: Mult: 33	6487	73	 (1,1)
[2026-02-07 04:16:45] DEBUG: Writing Dot
[2026-02-07 04:16:45] DEBUG: Writing FASTA
[2026-02-07 04:16:45] DEBUG: Peak RAM usage: 0 Gb
-----------End assembly log------------
[2026-02-07 04:16:46] root: INFO: >>>STAGE: contigger
[2026-02-07 04:16:46] root: INFO: Generating contigs
[2026-02-07 04:16:46] root: DEBUG: -----Begin contigger analyser log------
[2026-02-07 04:16:46] root: DEBUG: Running: flye-modules contigger --graph-edges /work/03_assembly/flye/20-repeat/repeat_graph_edges.fasta --reads /work/01_reads/SRR32410565.fastq.gz --out-dir /work/03_assembly/flye/30-contigger --config /opt/conda/lib/python3.10/site-packages/flye/config/bin_cfg/asm_nano_hq.cfg --repeat-graph /work/03_assembly/flye/20-repeat/repeat_graph_dump --graph-aln /work/03_assembly/flye/20-repeat/read_alignment_dump --log /work/03_assembly/flye/flye.log --threads 8 --min-ovlp 3000 --extra-params assemble_ovlp_divergence=0.03,repeat_graph_ovlp_divergence=0.03
[2026-02-07 04:16:46] DEBUG: Build date: May  4 2025 23:21:00
[2026-02-07 04:16:46] DEBUG: Total RAM: 7 Gb
[2026-02-07 04:16:46] DEBUG: Available RAM: 6 Gb
[2026-02-07 04:16:46] DEBUG: Total CPUs: 12
[2026-02-07 04:16:46] DEBUG: Loading /opt/conda/lib/python3.10/site-packages/flye/config/bin_cfg/asm_nano_hq.cfg
[2026-02-07 04:16:46] DEBUG: Loading /opt/conda/lib/python3.10/site-packages/flye/config/bin_cfg/asm_defaults.cfg
[2026-02-07 04:16:46] DEBUG: 	big_genome_threshold=29000000
[2026-02-07 04:16:46] DEBUG: 	meta_read_filter_kmer_freq=100
[2026-02-07 04:16:46] DEBUG: 	chain_large_gap_penalty=2
[2026-02-07 04:16:46] DEBUG: 	chain_small_gap_penalty=0.5
[2026-02-07 04:16:46] DEBUG: 	chain_gap_jump_threshold=100
[2026-02-07 04:16:46] DEBUG: 	max_jump_gap=500
[2026-02-07 04:16:46] DEBUG: 	max_coverage_drop_rate=5
[2026-02-07 04:16:46] DEBUG: 	max_extensions_drop_rate=5
[2026-02-07 04:16:46] DEBUG: 	chimera_window=100
[2026-02-07 04:16:46] DEBUG: 	chimera_overhang=1000
[2026-02-07 04:16:46] DEBUG: 	min_reads_in_disjointig=4
[2026-02-07 04:16:46] DEBUG: 	max_inner_reads=10
[2026-02-07 04:16:46] DEBUG: 	max_inner_fraction=0.25
[2026-02-07 04:16:46] DEBUG: 	aggressive_dup_filter=1
[2026-02-07 04:16:46] DEBUG: 	max_separation=500
[2026-02-07 04:16:46] DEBUG: 	unique_edge_length=50000
[2026-02-07 04:16:46] DEBUG: 	min_repeat_res_support=0.51
[2026-02-07 04:16:46] DEBUG: 	out_paths_ratio=5
[2026-02-07 04:16:46] DEBUG: 	graph_cov_drop_rate=5
[2026-02-07 04:16:46] DEBUG: 	coverage_estimate_window=100
[2026-02-07 04:16:46] DEBUG: 	max_bubble_length=50000
[2026-02-07 04:16:46] DEBUG: 	loop_coverage_rate=1.5
[2026-02-07 04:16:46] DEBUG: 	repeat_edge_cov_mult=1.75
[2026-02-07 04:16:46] DEBUG: 	weak_detach_rate=5
[2026-02-07 04:16:46] DEBUG: 	tip_coverage_rate=2
[2026-02-07 04:16:46] DEBUG: 	tip_length_rate=2
[2026-02-07 04:16:46] DEBUG: 	output_gfa_before_rr=1
[2026-02-07 04:16:46] DEBUG: 	remove_alt_edges=0
[2026-02-07 04:16:46] DEBUG: 	low_cutoff_warning=0
[2026-02-07 04:16:46] DEBUG: 	kmer_size=17
[2026-02-07 04:16:46] DEBUG: 	use_minimizers=1
[2026-02-07 04:16:46] DEBUG: 	minimizer_window=10
[2026-02-07 04:16:46] DEBUG: 	reads_base_alignment=1
[2026-02-07 04:16:46] DEBUG: 	meta_read_top_kmer_rate=0.75
[2026-02-07 04:16:46] DEBUG: 	maximum_jump=1500
[2026-02-07 04:16:46] DEBUG: 	maximum_overhang=1500
[2026-02-07 04:16:46] DEBUG: 	repeat_kmer_rate=100
[2026-02-07 04:16:46] DEBUG: 	assemble_ovlp_divergence=0.03
[2026-02-07 04:16:46] DEBUG: 	assemble_divergence_relative=1
[2026-02-07 04:16:46] DEBUG: 	repeat_graph_ovlp_divergence=0.03
[2026-02-07 04:16:46] DEBUG: 	read_align_ovlp_divergence=0.10
[2026-02-07 04:16:46] DEBUG: 	hpc_scoring_on=1
[2026-02-07 04:16:46] DEBUG: 	add_unassembled_reads=0
[2026-02-07 04:16:46] DEBUG: 	extend_contigs_with_repeats=0
[2026-02-07 04:16:46] DEBUG: 	min_read_cov_cutoff=3
[2026-02-07 04:16:46] DEBUG: 	short_tip_length=20000
[2026-02-07 04:16:46] DEBUG: 	long_tip_length=100000
[2026-02-07 04:16:46] DEBUG: Extrta parameters:
[2026-02-07 04:16:46] DEBUG: 	assemble_ovlp_divergence=0.03
[2026-02-07 04:16:46] DEBUG: 	repeat_graph_ovlp_divergence=0.03
[2026-02-07 04:16:46] DEBUG: Running with k-mer size: 17
[2026-02-07 04:16:46] DEBUG: Selected minimum overlap 3000
[2026-02-07 04:16:46] INFO: Reading sequences
[2026-02-07 04:16:55] DEBUG: Building positional index
[2026-02-07 04:16:55] DEBUG: Total sequence: 809296219 bp
[2026-02-07 04:16:55] DEBUG: Flipped 0
[2026-02-07 04:16:55] DEBUG: UPath 1: -23 -> -36 -> 11 -> -40 -> -7 -> 41 -> 5
[2026-02-07 04:16:55] DEBUG: UPath 2: -21 -> 38 -> 29 -> 30 -> 45 -> 6 -> 8 -> 14 -> 16 -> 43 -> 18 -> 39 -> -31 -> -42 -> -13 -> -37 -> -10 -> -44 -> -9 -> 35 -> 32
[2026-02-07 04:16:55] DEBUG: UPath 3: 33
[2026-02-07 04:16:55] DEBUG: UPath 4: 34
[2026-02-07 04:16:55] DEBUG: Final graph contains 4 egdes
[2026-02-07 04:16:55] DEBUG: Extending contigs into repeats
[2026-02-07 04:16:55] DEBUG: Covered 0 repetitive contigs
[2026-02-07 04:16:55] INFO: Generated 4 contigs
[2026-02-07 04:16:55] DEBUG: Writing FASTA
[2026-02-07 04:16:55] DEBUG: Generating scaffold connections
[2026-02-07 04:16:55] INFO: Added 0 scaffold connections
[2026-02-07 04:16:55] DEBUG: Writing Dot
[2026-02-07 04:16:55] DEBUG: Writing FASTA
[2026-02-07 04:16:55] DEBUG: Writing Gfa
[2026-02-07 04:16:55] DEBUG: Peak RAM usage: 0 Gb
-----------End assembly log------------
[2026-02-07 04:16:56] root: INFO: >>>STAGE: polishing
[2026-02-07 04:16:56] root: INFO: Polishing genome (1/1)
[2026-02-07 04:16:56] root: INFO: Running minimap2
[2026-02-07 04:18:06] root: INFO: Separating alignment into bubbles
[2026-02-07 04:21:08] root: DEBUG: Generated 352871 bubbles
[2026-02-07 04:21:08] root: DEBUG: Split 0 long bubbles
[2026-02-07 04:21:08] root: DEBUG: Skipped 0 empty bubbles
[2026-02-07 04:21:08] root: DEBUG: Skipped 0 bubbles with long branches
[2026-02-07 04:21:08] root: INFO: Alignment error rate: 0.017882
[2026-02-07 04:21:08] root: INFO: Correcting bubbles
[2026-02-07 04:21:54] root: DEBUG: Mean contig coverage: 160, selected threshold: 32
[2026-02-07 04:21:54] root: DEBUG: Filtered 1 contigs of total length 6269
[2026-02-07 04:21:54] root: DEBUG: Generating polished GFA
[2026-02-07 04:21:56] root: DEBUG: 1 sequences remained unpolished
[2026-02-07 04:21:56] root: INFO: >>>STAGE: finalize
[2026-02-07 04:21:56] root: DEBUG: ---Output dir contents:----
[2026-02-07 04:21:56] root: DEBUG: flye/
[2026-02-07 04:21:56] root: DEBUG:     4.0 M       assembly.fasta
[2026-02-07 04:21:56] root: DEBUG:     582.0 B     assembly_graph.gv
[2026-02-07 04:21:56] root: DEBUG:     43.0 K      flye.log
[2026-02-07 04:21:56] root: DEBUG:     4.0 M       assembly_graph.gfa
[2026-02-07 04:21:56] root: DEBUG:     92.0 B      params.json
[2026-02-07 04:21:56] root: DEBUG:     40-polishing/
[2026-02-07 04:21:56] root: DEBUG:         105.0 B     contigs_stats.txt
[2026-02-07 04:21:56] root: DEBUG:         4.0 M       filtered_contigs.fasta
[2026-02-07 04:21:56] root: DEBUG:         4.0 M       polished_edges.gfa
[2026-02-07 04:21:56] root: DEBUG:         88.0 B      filtered_stats.txt
[2026-02-07 04:21:56] root: DEBUG:         856.0 B     minimap.stderr
[2026-02-07 04:21:56] root: DEBUG:         1.0 M       base_coverage.bed.gz
[2026-02-07 04:21:56] root: DEBUG:         173.0 B     edges_aln.bam.csi
[2026-02-07 04:21:56] root: DEBUG:         58.0 K      minimap_1.bam.csi
[2026-02-07 04:21:56] root: DEBUG:         87.0 B      filtered_contigs.fasta.fai
[2026-02-07 04:21:56] root: DEBUG:     10-consensus/
[2026-02-07 04:21:56] root: DEBUG:         907.0 B     minimap.stderr
[2026-02-07 04:21:56] root: DEBUG:         56.0 K      minimap.bam.csi
[2026-02-07 04:21:56] root: DEBUG:         4.0 M       consensus.fasta
[2026-02-07 04:21:56] root: DEBUG:     20-repeat/
[2026-02-07 04:21:56] root: DEBUG:         4.0 M       graph_before_rr.fasta
[2026-02-07 04:21:56] root: DEBUG:         3.0 K       graph_after_rr.gv
[2026-02-07 04:21:56] root: DEBUG:         33.0 M      read_alignment_dump
[2026-02-07 04:21:56] root: DEBUG:         4.0 M       graph_before_rr.gfa
[2026-02-07 04:21:56] root: DEBUG:         7.0 K       repeat_graph_dump
[2026-02-07 04:21:56] root: DEBUG:         4.0 M       repeat_graph_edges.fasta
[2026-02-07 04:21:56] root: DEBUG:         3.0 K       graph_before_rr.gv
[2026-02-07 04:21:56] root: DEBUG:     30-contigger/
[2026-02-07 04:21:56] root: DEBUG:         0.0 B       scaffolds_links.txt
[2026-02-07 04:21:56] root: DEBUG:         224.0 B     contigs_stats.txt
[2026-02-07 04:21:56] root: DEBUG:         115.0 B     contigs.fasta.fai
[2026-02-07 04:21:56] root: DEBUG:         4.0 M       contigs.fasta
[2026-02-07 04:21:56] root: DEBUG:         582.0 B     graph_final.gv
[2026-02-07 04:21:56] root: DEBUG:         4.0 M       graph_final.fasta
[2026-02-07 04:21:56] root: DEBUG:         4.0 M       graph_final.gfa
[2026-02-07 04:21:56] root: DEBUG:     00-assembly/
[2026-02-07 04:21:56] root: DEBUG:         4.0 M       draft_assembly.fasta
[2026-02-07 04:21:56] root: DEBUG:         133.0 B     draft_assembly.fasta.fai
[2026-02-07 04:21:56] root: DEBUG: --------------------------
[2026-02-07 04:21:56] root: INFO: Assembly statistics:

	Total length:	5104813
	Fragments:	3
	Fragments N50:	3318776
	Largest frg:	3318776
	Scaffolds:	0
	Mean coverage:	160

[2026-02-07 04:21:56] root: INFO: Final assembly: /work/03_assembly/flye/assembly.fasta
